// Jest Snapshot v1, https://goo.gl/fbAQLP

exports[`App Component should render app component 1`] = `
<DocumentFragment>
  <div
    class="todo"
  >
    <h1
      class="todo__title"
    >
      Todo App
    </h1>
    <form
      class="todo__form"
    >
      <div>
        <label
          class="sr-only"
          for="todoText"
        >
          Todo Text
        </label>
        <input
          class="rounded-l-md"
          id="todoText"
          type="text"
        />
      </div>
      <button
        class="btn rounded-r-md disabled:bg-slate-500 disabled:cursor-wait"
        type="submit"
      >
        Add Todo
      </button>
    </form>
    <div
      class="todo__list"
    >
      <div
        class="todo__list-item"
        data-testid="todolist-item"
      >
        <div>
          <label
            class="sr-only"
            for="isDone"
          >
            Completed
          </label>
          <input
            class="disabled:text-slate-400 disabled:cursor-wait"
            id="isDone"
            type="checkbox"
          />
        </div>
        <p
          class="px-4 flex-1"
        >
          hello
        </p>
        <button
          class="btn rounded-md disabled:bg-slate-500 disabled:cursor-wait"
          type="button"
        >
          Delete
        </button>
      </div>
    </div>
    <div
      class="todo__filter"
    >
      <button
        class="btn flex-1 btn--active"
        type="button"
      >
        All
      </button>
      <button
        class="btn flex-1"
        type="button"
      >
        Pending
      </button>
      <button
        class="btn flex-1"
        type="button"
      >
        Completed
      </button>
    </div>
  </div>
</DocumentFragment>
`;
